[Licensing::Module] Trying to connect to existing licensing client channel...
Built from '6000.5/staging' branch; Version is '6000.5.3f1 (c2eb47b3a2a9) revision 12774215'; Using compiler version '194234433'; Build Type 'Release'
OS: 'Windows 11  (10.0.26200) Professional' Language: 'en' Physical Memory: 16242 MB
[Licensing::IpcConnector] Successfully connected to: "LicenseClient-jonpe" at "2026-07-13T21:26:45.0667125Z"
BatchMode: 1, IsHumanControllingUs: 0, StartBugReporterOnCrash: 0, Is64bit: 1
System  architecture: x64
Process architecture: x64
Date: 2026-07-13T21:26:45Z

COMMAND LINE ARGUMENTS:
C:\Program Files\Unity\Hub\Editor\6000.5.3f1\Editor\Unity.exe
-adb2
-batchMode
-noUpm
-name
AssetImportWorkerHW1
-projectPath
C:/Users/jonpe/VideoGames/BiedaBird
-logFile
Logs/AssetImportWorkerHW1.log
-srvPort
62961
-parentPid
4272
-analyticsCloudUserId
1374452945820
-analyticsLocalProjectId
71c39f31713fa47e2b5d450a676d5ecc
-licensingIpc
LicenseClient-jonpe
-noDiagnosticSwitchPersistentStore
-job-worker-count
1
-background-job-worker-count
8
-asset-garbage-collectors
1
-force-d3d12
-name
AssetImport
Successfully changed project path to: C:/Users/jonpe/VideoGames/BiedaBird
C:/Users/jonpe/VideoGames/BiedaBird
[UnityMemory] Configuration Parameters - Can be set up in boot.config
    "memorysetup-temp-allocator-size-gi-baking-worker=262144"
    "memorysetup-temp-allocator-size-gi-baking-worker=262144"
    "memorysetup-temp-allocator-size-gi-baking-worker=262144"
    "memorysetup-temp-allocator-size-gi-baking-worker=262144"
    "memorysetup-temp-allocator-size-gi-baking-worker=262144"
    "memorysetup-temp-allocator-size-nav-mesh-worker=65536"
    "memorysetup-temp-allocator-size-audio-worker=65536"
    "memorysetup-temp-allocator-size-cloud-worker=32768"
    "memorysetup-temp-allocator-size-gfx=262144"
    "memorysetup-temp-allocator-size-preload-manager=33554432"
    "memorysetup-allocator-temp-initial-block-size-main=262144"
    "memorysetup-allocator-temp-initial-block-size-worker=262144"
    "memorysetup-temp-allocator-size-job-worker=262144"
    "memorysetup-temp-allocator-size-background-worker=32768"
    "memorysetup-bucket-allocator-granularity=16"
    "memorysetup-bucket-allocator-bucket-count=8"
    "memorysetup-bucket-allocator-block-size=33554432"
    "memorysetup-bucket-allocator-block-count=8"
    "memorysetup-main-allocator-block-size=16777216"
    "memorysetup-thread-allocator-block-size=16777216"
    "memorysetup-main-allocator-mimalloc-enabled=0"
    "memorysetup-gfx-main-allocator-block-size=16777216"
    "memorysetup-gfx-thread-allocator-block-size=16777216"
    "memorysetup-cache-allocator-block-size=4194304"
    "memorysetup-typetree-allocator-block-size=2097152"
    "memorysetup-profiler-bucket-allocator-granularity=16"
    "memorysetup-profiler-bucket-allocator-bucket-count=8"
    "memorysetup-profiler-bucket-allocator-block-size=33554432"
    "memorysetup-profiler-bucket-allocator-block-count=8"
    "memorysetup-profiler-allocator-block-size=16777216"
    "memorysetup-profiler-editor-allocator-block-size=1048576"
    "memorysetup-temp-allocator-size-main=16777216"
    "memorysetup-job-temp-allocator-block-size=2097152"
    "memorysetup-job-temp-allocator-block-size-background=1048576"
    "memorysetup-job-temp-allocator-reduction-small-platforms=262144"
Player connection [15528]  Target information:

Player connection [15528]  * "[IP] 192.168.1.140 [Port] 0 [Flags] 2 [Guid] 3916565882 [EditorId] 3916565882 [Version] 1048832 [Id] WindowsEditor(7,DESKTOP-SEM15AV) [Debug] 1 [PackageName] WindowsEditor [ProjectName] Editor" 

Player connection [15528] Host joined multi-casting on [225.0.0.222:54997]...
Player connection [15528] Host joined alternative multi-casting on [225.0.0.222:34997]...
JobSystem: Creating JobQueue using job-worker-count value 1
Input System module state changed to: Initialized.
[Physics::Module] Initialized fallback backend.
[Physics::Module] Id: 0xdecafbad
Library Redirect Path: Library/
[Physics::Module] Selected backend.
[Physics::Module] Name: PhysX
[Physics::Module] Id: 0xf2b8ea05
[Physics::Module] SDK Version: 4.1.2
[Physics::Module] Integration Version: 1.0.0
[Physics::Module] Threading Mode: Multi-Threaded
Refreshing native plugins compatible for Editor in 19.13 ms, found 3 plugins.
Initialize engine version: 6000.5.3f1 (c2eb47b3a2a9)
[Subsystems] Discovering subsystems at path C:/Program Files/Unity/Hub/Editor/6000.5.3f1/Editor/Data/Resources/UnitySubsystems
[Subsystems] Discovering subsystems at path C:/Users/jonpe/VideoGames/BiedaBird/Assets
Forcing GfxDevice: Direct3D 12
GfxDevice: creating device client; kGfxThreadingModeNonThreaded
d3d12: failed to query info queue interface (0x80004002).
Direct3D:
    Version:         Direct3D 12 [level 12.1]
    Renderer:        Intel(R) HD Graphics 630 (ID=0x5912)
    Vendor:          Intel
    VRAM:            8121 MB
    App VRAM Budget: 7459 MB
    Driver:          31.0.101.2114
    Unified Memory Architecture
    Cache Coherent UMA
Initialize mono
Mono path[0] = 'C:/Program Files/Unity/Hub/Editor/6000.5.3f1/Editor/Data/Managed'
Mono path[1] = 'C:/Program Files/Unity/Hub/Editor/6000.5.3f1/Editor/Data/BCLExtensions/runtime/netstandard2.1'
Mono path[2] = 'C:/Program Files/Unity/Hub/Editor/6000.5.3f1/Editor/Data/MonoBleedingEdge/lib/mono/unityjit-win32'
Mono config path = 'C:/Program Files/Unity/Hub/Editor/6000.5.3f1/Editor/Data/MonoBleedingEdge/etc'
Using monoOptions --debugger-agent=transport=dt_socket,embedding=1,server=y,suspend=n,address=127.0.0.1:56632
CodeReloadManager initialized
Begin MonoManager ReloadAssembly
Registering precompiled unity dll's ...
Register platform support module: C:/Program Files/Unity/Hub/Editor/6000.5.3f1/Editor/Data/PlaybackEngines/WindowsStandaloneSupport/UnityEditor.WindowsStandalone.Extensions.dll
Registered in 0.023728 seconds.
Native extension for WindowsStandalone target not found
Package Manager log level set to [2]
[Package Manager] Failed to launch server process. Reason: Unity was launched with the -noUpm command-line argument
[Package Manager] Unable to send message (not connected to server process).
[Package Manager] Cannot connect to Unity Package Manager local server
ScheduleIndexationOnStartup MainProcess:False IndexOnStartup:True
Mono: successfully reloaded assembly
- Finished resetting the current domain, in  3.346 seconds
Domain Reload Profiling: 6296ms
	BeginReloadAssembly (1075ms)
	RebuildCommonClasses (75ms)
	RebuildNativeTypeToScriptingClass (99ms)
	initialDomainReloadingComplete (422ms)
	LoadAllAssembliesAndSetupDomain (1271ms)
		LoadAssemblies (1071ms)
		AnalyzeDomain (1070ms)
			TypeCache.Refresh (1064ms)
				TypeCache.ScanAssembly (1009ms)
			BuildScriptInfoCaches (3ms)
	FinalizeReload (3354ms)
		SetupLoadedEditorAssemblies (0ms)
			InitializePlatformSupportModulesInManaged (3ms)
			BeforeProcessingInitializeOnLoad (1234ms)
			ProcessInitializeOnLoadAttributes (928ms)
			ProcessInitializeOnLoadMethodAttributes (1025ms)
Initializing Unity extensions:
[Licensing::Module] Licensing is not yet initialized.
[Licensing::Client] Error: HandshakeResponse reported an error:
	ResponseCode: 505
	ResponseStatus: Unsupported protocol version '1.18.1'.
[Licensing::Module] Error: Failed to handshake to channel: "LicenseClient-jonpe"
[Licensing::IpcConnector] LicenseClient-jonpe channel disconnected successfully.
[Licensing::IpcConnector] Successfully connected to: "LicenseClient-jonpe-6000.5.3" at "2026-07-13T21:26:54.5585921Z"
[Licensing::Client] Code 10 while verifying Licensing Client signature (process Id: 15552, path: "C:/Program Files/Unity/Hub/Editor/6000.5.3f1/Editor/Data/Resources/Licensing/Client/Unity.Licensing.Client.exe")
[Licensing::Module] LicensingClient has failed validation; ignoring
[Licensing::Client] Handshaking with LicensingClient:
  Version:                 1.18.1+9fbee8e
  Session Id:              c48862bb9e6e47d5a47dc20c38ed7148
  Correlation Id:          6853ccdb7a55aa81351a9ba8a2366e09
  External correlation Id: 728062677231482090
  Machine Id:              y1HLANfd5NzY97yNvDiviN0phAc=
[Licensing::Module] Successfully connected to LicensingClient on channel: "LicenseClient-jonpe-6000.5.3" (connect: 0.00s, validation: 0.01s, handshake: 0.01s)
[Licensing::IpcConnector] Successfully connected to: "LicenseClient-jonpe-6000.5.3-notifications" at "2026-07-13T21:26:54.5833239Z"
[Licensing::Module] Licensing Background thread has ended after 9.54s
[Licensing::Module] Licensing is initialized (took 0.38s).
[Licensing::Client] Successfully resolved entitlement details
[Licensing::Module] License group:
  Id: 1374452945820-UnityPersXXXX
  Product: Unity Personal
  Type: Assigned
  Expiration: Unlimited
Curl error 3: URL rejected: Malformed input to a URL function
========================================================================
Worker process is ready to serve import requests
Import Worker Mode flag is 0x00
Begin MonoManager ReloadAssembly
Loading assembly failed: "Library/ScriptAssemblies/IAPResolver.dll"
Loading assembly failed: "Library/ScriptAssemblies/Purchasing.Common.dll"
Loading assembly failed: "Library/ScriptAssemblies/UnityEditor.Purchasing.dll"
Loading assembly failed: "Library/ScriptAssemblies/UnityEngine.Purchasing.dll"
Loading assembly failed: "Library/ScriptAssemblies/UnityEngine.Purchasing.AppleCore.dll"
Loading assembly failed: "Library/ScriptAssemblies/UnityEngine.Purchasing.AppleMacosStub.dll"
Loading assembly failed: "Library/ScriptAssemblies/UnityEngine.Purchasing.AppleStub.dll"
Loading assembly failed: "Library/ScriptAssemblies/UnityEngine.Purchasing.Codeless.dll"
Loading assembly failed: "Library/ScriptAssemblies/UnityEngine.Purchasing.SecurityCore.dll"
Loading assembly failed: "Library/ScriptAssemblies/UnityEngine.Purchasing.SecurityStub.dll"
Loading assembly failed: "Library/ScriptAssemblies/UnityEngine.Purchasing.Stores.dll"
Loading assembly failed: "Library/ScriptAssemblies/UnityEngine.Purchasing.WinRTCore.dll"
Loading assembly failed: "Library/ScriptAssemblies/UnityEngine.Purchasing.WinRTStub.dll"
Symbol file LoadedFromMemory is not a mono symbol file
Compilation Pipeline: Could not read file Packages/com.unity.purchasing/Runtime/WinRT/UnityEngine.Purchasing.WinRT.asmdef
Fatal Error! Compilation Pipeline: Could not read file Packages/com.unity.purchasing/Runtime/WinRT/UnityEngine.Purchasing.WinRT.asmdef
Crash!!!
SymInit: Symbol-SearchPath: 'C:/Program Files/Unity/Hub/Editor/6000.5.3f1/Editor/Data/Mono;.;C:\Users\jonpe\VideoGames\BiedaBird;C:\Users\jonpe\VideoGames\BiedaBird\Library\BurstCache\JIT;C:\Program Files\Unity\Hub\Editor\6000.5.3f1\Editor;C:\Windows;C:\Windows\system32;', symOptions: 534, UserName: 'jonpe'
OS-Version: 10.0.0
C:\Program Files\Unity\Hub\Editor\6000.5.3f1\Editor\Unity.exe:Unity.exe (00007FF787D20000), size: 290816 (result: 0), SymType: '-deferred-', PDB: '', fileVersion: 6000.5.3.60231
C:\Windows\SYSTEM32\ntdll.dll:ntdll.dll (00007FFB82EC0000), size: 2519040 (result: 0), SymType: '-deferred-', PDB: '', fileVersion: 10.0.26100.8246
C:\Windows\System32\KERNEL32.DLL:KERNEL32.DLL (00007FFB80C60000), size: 823296 (result: 0), SymType: '-deferred-', PDB: '', fileVersion: 10.0.26100.8246
C:\Windows\System32\KERNELBASE.dll:KERNELBASE.dll (00007FFB7FC80000), size: 4145152 (result: 0), SymType: '-deferred-', PDB: '', fileVersion: 10.0.26100.8246
C:\Windows\SYSTEM32\apphelp.dll:apphelp.dll (00007FFB7D010000), size: 651264 (result: 0), SymType: '-deferred-', PDB: '', fileVersion: 10.0.26100.8115
C:\Windows\System32\USER32.dll:USER32.dll (00007FFB822D0000), size: 1855488 (result: 0), SymType: '-deferred-', PDB: '', fileVersion: 10.0.26100.8246
C:\Windows\System32\win32u.dll:win32u.dll (00007FFB7F970000), size: 159744 (result: 0), SymType: '-deferred-', PDB: '', fileVersion: 10.0.26100.8246
C:\Windows\System32\GDI32.dll:GDI32.dll (00007FFB82E50000), size: 176128 (result: 0), SymType: '-deferred-', PDB: '', fileVersion: 10.0.26100.8036
C:\Windows\System32\gdi32full.dll:gdi32full.dll (00007FFB7F790000), size: 1224704 (result: 0), SymType: '-deferred-', PDB: '', fileVersion: 10.0.26100.8246
C:\Windows\System32\msvcp_win.dll:msvcp_win.dll (00007FFB7F8C0000), size: 667648 (result: 0), SymType: '-deferred-', PDB: '', fileVersion: 10.0.26100.8246
C:\Windows\System32\ucrtbase.dll:ucrtbase.dll (00007FFB80200000), size: 1355776 (result: 0), SymType: '-deferred-', PDB: '', fileVersion: 10.0.26100.8246
C:\Windows\System32\IMM32.DLL:IMM32.DLL (00007FFB80D90000), size: 204800 (result: 0), SymType: '-deferred-', PDB: '', fileVersion: 10.0.26100.8115
C:\Program Files\Unity\Hub\Editor\6000.5.3f1\Editor\Unity.dll:Unity.dll (00007FFADB880000), size: 98836480 (result: 0), SymType: '-deferred-', PDB: '', fileVersion: 6000.5.3.60231
C:\Windows\System32\ADVAPI32.dll:ADVAPI32.dll (00007FFB817F0000), size: 745472 (result: 0), SymType: '-deferred-', PDB: '', fileVersion: 10.0.26100.8115
C:\Windows\System32\msvcrt.dll:msvcrt.dll (00007FFB81230000), size: 692224 (result: 0), SymType: '-deferred-', PDB: '', fileVersion: 7.0.26100.8246
C:\Windows\System32\sechost.dll:sechost.dll (00007FFB82510000), size: 684032 (result: 0), SymType: '-deferred-', PDB: '', fileVersion: 10.0.26100.8246
C:\Program Files\Unity\Hub\Editor\6000.5.3f1\Editor\OpenRL.dll:OpenRL.dll (0000000180000000), size: 12779520 (result: 0), SymType: '-deferred-', PDB: '', fileVersion: 1.5.0.2907
C:\Windows\System32\SETUPAPI.dll:SETUPAPI.dll (00007FFB81360000), size: 4747264 (result: 0), SymType: '-deferred-', PDB: '', fileVersion: 10.0.26100.8115
C:\Program Files\Unity\Hub\Editor\6000.5.3f1\Editor\SketchUpAPI.dll:SketchUpAPI.dll (00007FFADA110000), size: 24559616 (result: 0), SymType: '-deferred-', PDB: '', fileVersion: 26.0.0.0
C:\Windows\System32\SHELL32.dll:SHELL32.dll (00007FFB82650000), size: 7761920 (result: 0), SymType: '-deferred-', PDB: '', fileVersion: 10.0.26100.8246
C:\Windows\System32\wintypes.dll:wintypes.dll (00007FFB7FA60000), size: 1482752 (result: 0), SymType: '-deferred-', PDB: '', fileVersion: 10.0.26100.8246
C:\Windows\System32\combase.dll:combase.dll (00007FFB81CE0000), size: 3678208 (result: 0), SymType: '-deferred-', PDB: '', fileVersion: 10.0.26100.8246
C:\Windows\System32\ole32.dll:ole32.dll (00007FFB82130000), size: 1667072 (result: 0), SymType: '-deferred-', PDB: '', fileVersion: 10.0.26100.8246
C:\Program Files\Unity\Hub\Editor\6000.5.3f1\Editor\libfbxsdk.dll:libfbxsdk.dll (00007FFAF3FC0000), size: 8019968 (result: 0), SymType: '-deferred-', PDB: '', fileVersion: 2020.3.7.0
C:\Program Files\Unity\Hub\Editor\6000.5.3f1\Editor\s3tcompress.dll:s3tcompress.dll (00007FFB54CA0000), size: 180224 (result: 0), SymType: '-deferred-', PDB: ''
C:\Program Files\Unity\Hub\Editor\6000.5.3f1\Editor\etccompress.dll:etccompress.dll (00007FFB03F70000), size: 5070848 (result: 0), SymType: '-deferred-', PDB: ''
C:\Program Files\Unity\Hub\Editor\6000.5.3f1\Editor\ispc_texcomp.dll:ispc_texcomp.dll (00007FFB05F30000), size: 1826816 (result: 0), SymType: '-deferred-', PDB: ''
C:\Program Files\Unity\Hub\Editor\6000.5.3f1\Editor\compress_bc7e.dll:compress_bc7e.dll (00007FFB05DD0000), size: 1433600 (result: 0), SymType: '-deferred-', PDB: ''
C:\Program Files\Unity\Hub\Editor\6000.5.3f1\Editor\WinPixEventRuntime.dll:WinPixEventRuntime.dll (00007FFB7B0D0000), size: 57344 (result: 0), SymType: '-deferred-', PDB: '', fileVersion: 1.0.2403.8001
C:\Program Files\Unity\Hub\Editor\6000.5.3f1\Editor\umbraoptimizer64.dll:umbraoptimizer64.dll (00007FFB04650000), size: 1187840 (result: 0), SymType: '-deferred-', PDB: ''
C:\Windows\SYSTEM32\VERSION.dll:VERSION.dll (00007FFB78B70000), size: 45056 (result: 0), SymType: '-deferred-', PDB: '', fileVersion: 10.0.26100.1150
C:\Windows\SYSTEM32\MSVCP100.dll:MSVCP100.dll (0000000061490000), size: 622592 (result: 0), SymType: '-deferred-', PDB: '', fileVersion: 10.0.40219.325
C:\Windows\SYSTEM32\MSVCR100.dll:MSVCR100.dll (0000000061530000), size: 860160 (result: 0), SymType: '-deferred-', PDB: '', fileVersion: 10.0.40219.325
C:\Program Files\Unity\Hub\Editor\6000.5.3f1\Editor\embree.dll:embree.dll (00007FFAE6210000), size: 16711680 (result: 0), SymType: '-deferred-', PDB: '', fileVersion: 2.14.0.0
C:\Program Files\Unity\Hub\Editor\6000.5.3f1\Editor\SketchUpCommonPreferences.dll:SketchUpCommonPreferences.dll (00007FFB05D20000), size: 708608 (result: 0), SymType: '-deferred-', PDB: '', fileVersion: 26.0.0.0
C:\Windows\SYSTEM32\MSVCP140.dll:MSVCP140.dll (00007FFB1D1D0000), size: 643072 (result: 0), SymType: '-deferred-', PDB: '', fileVersion: 14.51.36247.0
C:\Windows\SYSTEM32\VCRUNTIME140.dll:VCRUNTIME140.dll (00007FFB54C70000), size: 180224 (result: 0), SymType: '-deferred-', PDB: '', fileVersion: 14.51.36247.0
C:\Windows\SYSTEM32\VCRUNTIME140_1.dll:VCRUNTIME140_1.dll (00007FFB69C30000), size: 49152 (result: 0), SymType: '-deferred-', PDB: '', fileVersion: 14.51.36247.0
C:\Windows\SYSTEM32\MSVCP140_CODECVT_IDS.dll:MSVCP140_CODECVT_IDS.dll (00007FFB69C20000), size: 28672 (result: 0), SymType: '-deferred-', PDB: '', fileVersion: 14.51.36247.0
C:\Windows\SYSTEM32\dbghelp.dll:dbghelp.dll (00007FFB69860000), size: 2367488 (result: 0), SymType: '-deferred-', PDB: '', fileVersion: 10.0.26100.5074
C:\Windows\System32\OLEAUT32.dll:OLEAUT32.dll (00007FFB81A10000), size: 884736 (result: 0), SymType: '-deferred-', PDB: '', fileVersion: 10.0.26100.8246
C:\Windows\System32\RPCRT4.dll:RPCRT4.dll (00007FFB81110000), size: 1146880 (result: 0), SymType: '-deferred-', PDB: '', fileVersion: 10.0.26100.8246
C:\Windows\System32\shcore.dll:shcore.dll (00007FFB81BE0000), size: 1015808 (result: 0), SymType: '-deferred-', PDB: '', fileVersion: 10.0.26100.8246
C:\Windows\System32\SHLWAPI.dll:SHLWAPI.dll (00007FFB81B70000), size: 417792 (result: 0), SymType: '-deferred-', PDB: '', fileVersion: 10.0.26100.8115
C:\Windows\System32\Windows.Storage.dll:Windows.Storage.dll (00007FFB803E0000), size: 8814592 (result: 0), SymType: '-deferred-', PDB: '', fileVersion: 10.0.26100.8246
C:\Windows\System32\CRYPT32.dll:CRYPT32.dll (00007FFB80080000), size: 1536000 (result: 0), SymType: '-deferred-', PDB: '', fileVersion: 10.0.26100.8115
C:\Windows\System32\WS2_32.dll:WS2_32.dll (00007FFB825C0000), size: 524288 (result: 0), SymType: '-deferred-', PDB: '', fileVersion: 10.0.26100.8246
C:\Program Files\Unity\Hub\Editor\6000.5.3f1\Editor\tbb.dll:tbb.dll (00007FFB1CF30000), size: 303104 (result: 0), SymType: '-deferred-', PDB: '', fileVersion: 2020.3.2022.1111
C:\Windows\System32\WINTRUST.dll:WINTRUST.dll (00007FFB80350000), size: 532480 (result: 0), SymType: '-deferred-', PDB: '', fileVersion: 10.0.26100.8115
C:\Windows\WinSxS\amd64_microsoft.windows.common-controls_6595b64144ccf1df_6.0.26100.8115_none_3e075c82e3354f9c\COMCTL32.dll:COMCTL32.dll (00007FFB70830000), size: 2699264 (result: 0), SymType: '-deferred-', PDB: '', fileVersion: 6.10.26100.8115
C:\Windows\SYSTEM32\d3d11.dll:d3d11.dll (00007FFB7C310000), size: 2502656 (result: 0), SymType: '-deferred-', PDB: '', fileVersion: 10.0.26100.8246
C:\Windows\SYSTEM32\d3d12.dll:d3d12.dll (00007FFB5C2F0000), size: 143360 (result: 0), SymType: '-deferred-', PDB: '', fileVersion: 10.0.26100.8115
C:\Windows\SYSTEM32\dwmapi.dll:dwmapi.dll (00007FFB7D500000), size: 192512 (result: 0), SymType: '-deferred-', PDB: '', fileVersion: 10.0.26100.8115
C:\Windows\SYSTEM32\dxgi.dll:dxgi.dll (00007FFB7D390000), size: 1314816 (result: 0), SymType: '-deferred-', PDB: '', fileVersion: 10.0.26100.8115
C:\Windows\SYSTEM32\HID.DLL:HID.DLL (00007FFB7DBB0000), size: 61440 (result: 0), SymType: '-deferred-', PDB: '', fileVersion: 10.0.26100.1150
C:\Windows\SYSTEM32\IPHLPAPI.DLL:IPHLPAPI.DLL (00007FFB7DEC0000), size: 204800 (result: 0), SymType: '-deferred-', PDB: '', fileVersion: 10.0.26100.8246
C:\Windows\SYSTEM32\OPENGL32.dll:OPENGL32.dll (00007FFB68EE0000), size: 1110016 (result: 0), SymType: '-deferred-', PDB: '', fileVersion: 10.0.26100.8115
C:\Windows\SYSTEM32\WINHTTP.dll:WINHTTP.dll (00007FFB77EA0000), size: 1232896 (result: 0), SymType: '-deferred-', PDB: '', fileVersion: 10.0.26100.8246
C:\Windows\SYSTEM32\WINMM.dll:WINMM.dll (00007FFB6FAB0000), size: 221184 (result: 0), SymType: '-deferred-', PDB: '', fileVersion: 10.0.26100.8115
C:\Windows\SYSTEM32\GLU32.dll:GLU32.dll (00007FFB670D0000), size: 184320 (result: 0), SymType: '-deferred-', PDB: '', fileVersion: 10.0.26100.1150
C:\Program Files\Unity\Hub\Editor\6000.5.3f1\Editor\NativeProxyHelper.dll:NativeProxyHelper.dll (00007FFB038B0000), size: 1789952 (result: 0), SymType: '-deferred-', PDB: ''
C:\Windows\SYSTEM32\WSOCK32.dll:WSOCK32.dll (00007FFB662F0000), size: 40960 (result: 0), SymType: '-deferred-', PDB: '', fileVersion: 10.0.26100.1
C:\Windows\SYSTEM32\powrprof.dll:powrprof.dll (00007FFB7F5F0000), size: 385024 (result: 0), SymType: '-deferred-', PDB: '', fileVersion: 10.0.26100.3912
C:\Windows\SYSTEM32\dxcore.dll:dxcore.dll (00007FFB7D340000), size: 274432 (result: 0), SymType: '-deferred-', PDB: '', fileVersion: 10.0.26100.8115
C:\Windows\SYSTEM32\bcrypt.dll:bcrypt.dll (00007FFB7F680000), size: 172032 (result: 0), SymType: '-deferred-', PDB: '', fileVersion: 10.0.26100.8246
C:\Program Files\Unity\Hub\Editor\6000.5.3f1\Editor\FreeImage.dll:FreeImage.dll (000001DC70AC0000), size: 5332992 (result: 0), SymType: '-deferred-', PDB: '', fileVersion: 3.18.0.0
C:\Windows\SYSTEM32\cfgmgr32.DLL:cfgmgr32.DLL (00007FFB7F320000), size: 331776 (result: 0), SymType: '-deferred-', PDB: '', fileVersion: 10.0.26100.8115
C:\Program Files\Unity\Hub\Editor\6000.5.3f1\Editor\OpenRL_pthread.dll:OpenRL_pthread.dll (000001DC70FE0000), size: 61440 (result: 0), SymType: '-deferred-', PDB: '', fileVersion: 2.9.0.0
C:\Windows\SYSTEM32\MSWSOCK.DLL:MSWSOCK.DLL (00007FFB7EA30000), size: 442368 (result: 0), SymType: '-deferred-', PDB: '', fileVersion: 10.0.26100.8115
C:\Windows\SYSTEM32\UMPDC.dll:UMPDC.dll (00007FFB7F5D0000), size: 81920 (result: 0), SymType: '-deferred-', PDB: '', fileVersion: 10.0.26100.8115
C:\Windows\SYSTEM32\MSASN1.dll:MSASN1.dll (00007FFB7EE90000), size: 77824 (result: 0), SymType: '-deferred-', PDB: '', fileVersion: 10.0.26100.8246
C:\Windows\System32\bcryptprimitives.dll:bcryptprimitives.dll (00007FFB7FBD0000), size: 675840 (result: 0), SymType: '-deferred-', PDB: '', fileVersion: 10.0.26100.8246
C:\Windows\SYSTEM32\kernel.appcore.dll:kernel.appcore.dll (00007FFB7E4E0000), size: 110592 (result: 0), SymType: '-deferred-', PDB: '', fileVersion: 10.0.26100.7920
C:\Windows\system32\uxtheme.dll:uxtheme.dll (00007FFB7D240000), size: 692224 (result: 0), SymType: '-deferred-', PDB: '', fileVersion: 10.0.26100.8115
C:\Windows\SYSTEM32\profapi.dll:profapi.dll (00007FFB7F6B0000), size: 167936 (result: 0), SymType: '-deferred-', PDB: '', fileVersion: 10.0.26100.8115
C:\Windows\SYSTEM32\secur32.dll:secur32.dll (00007FFB7CFD0000), size: 53248 (result: 0), SymType: '-deferred-', PDB: '', fileVersion: 10.0.26100.7705
C:\Windows\SYSTEM32\SSPICLI.DLL:SSPICLI.DLL (00007FFB7E780000), size: 299008 (result: 0), SymType: '-deferred-', PDB: '', fileVersion: 10.0.26100.8115
C:\Windows\System32\clbcatq.dll:clbcatq.dll (00007FFB82070000), size: 712704 (result: 0), SymType: '-deferred-', PDB: '', fileVersion: 2001.12.10941.16384
C:\Windows\system32\wbem\wbemprox.dll:wbemprox.dll (00007FFB70040000), size: 73728 (result: 0), SymType: '-deferred-', PDB: '', fileVersion: 10.0.26100.8115
C:\Windows\SYSTEM32\wbemcomn.dll:wbemcomn.dll (00007FFB6FFC0000), size: 499712 (result: 0), SymType: '-deferred-', PDB: '', fileVersion: 10.0.26100.7920
C:\Windows\system32\IconCodecService.dll:IconCodecService.dll (00007FFB5C030000), size: 45056 (result: 0), SymType: '-deferred-', PDB: '', fileVersion: 10.0.26100.1
C:\Windows\SYSTEM32\WindowsCodecs.dll:WindowsCodecs.dll (00007FFB7B390000), size: 2285568 (result: 0), SymType: '-deferred-', PDB: '', fileVersion: 10.0.26100.8115
C:\Windows\SYSTEM32\CRYPTSP.dll:CRYPTSP.dll (00007FFB7EE30000), size: 110592 (result: 0), SymType: '-deferred-', PDB: '', fileVersion: 10.0.26100.8246
C:\Windows\System32\netprofm.dll:netprofm.dll (00007FFB7A8A0000), size: 450560 (result: 0), SymType: '-deferred-', PDB: '', fileVersion: 10.0.26100.8115
C:\Windows\system32\rsaenh.dll:rsaenh.dll (00007FFB7E440000), size: 233472 (result: 0), SymType: '-deferred-', PDB: '', fileVersion: 10.0.26100.7705
C:\Windows\SYSTEM32\CRYPTBASE.dll:CRYPTBASE.dll (00007FFB7EC90000), size: 49152 (result: 0), SymType: '-deferred-', PDB: '', fileVersion: 10.0.26100.8246
C:\Windows\System32\imagehlp.dll:imagehlp.dll (00007FFB824C0000), size: 131072 (result: 0), SymType: '-deferred-', PDB: '', fileVersion: 10.0.26100.4202
C:\Windows\system32\wbem\wbemsvc.dll:wbemsvc.dll (00007FFB6D650000), size: 86016 (result: 0), SymType: '-deferred-', PDB: '', fileVersion: 10.0.26100.8115
C:\Windows\System32\npmproxy.dll:npmproxy.dll (00007FFB73790000), size: 102400 (result: 0), SymType: '-deferred-', PDB: '', fileVersion: 10.0.26100.8115
C:\Windows\system32\wbem\fastprox.dll:fastprox.dll (00007FFB6D990000), size: 983040 (result: 0), SymType: '-deferred-', PDB: '', fileVersion: 10.0.26100.8115
C:\Windows\SYSTEM32\amsi.dll:amsi.dll (00007FFB6B010000), size: 118784 (result: 0), SymType: '-deferred-', PDB: '', fileVersion: 10.0.26100.7309
C:\Windows\SYSTEM32\USERENV.dll:USERENV.dll (00007FFB7EAE0000), size: 208896 (result: 0), SymType: '-deferred-', PDB: '', fileVersion: 10.0.26100.8115
C:\ProgramData\Microsoft\Windows Defender\Platform\4.18.26060.3008-0\MpOav.dll:MpOav.dll (00007FFB6AEE0000), size: 667648 (result: 0), SymType: '-deferred-', PDB: '', fileVersion: 4.18.26060.3008
C:\Windows\SYSTEM32\gpapi.dll:gpapi.dll (00007FFB7EAA0000), size: 196608 (result: 0), SymType: '-deferred-', PDB: '', fileVersion: 10.0.26100.8246
C:\Windows\System32\NSI.dll:NSI.dll (00007FFB824B0000), size: 40960 (result: 0), SymType: '-deferred-', PDB: '', fileVersion: 10.0.26100.8246
C:\Windows\SYSTEM32\dhcpcsvc6.DLL:dhcpcsvc6.DLL (00007FFB78740000), size: 118784 (result: 0), SymType: '-deferred-', PDB: '', fileVersion: 10.0.26100.8115
C:\Windows\SYSTEM32\dhcpcsvc.DLL:dhcpcsvc.DLL (00007FFB779C0000), size: 151552 (result: 0), SymType: '-deferred-', PDB: '', fileVersion: 10.0.26100.8115
C:\Windows\SYSTEM32\DNSAPI.dll:DNSAPI.dll (00007FFB7DF00000), size: 1253376 (result: 0), SymType: '-deferred-', PDB: '', fileVersion: 10.0.26100.8246
C:\Windows\system32\napinsp.dll:napinsp.dll (00007FFB5EB20000), size: 98304 (result: 0), SymType: '-deferred-', PDB: '', fileVersion: 10.0.26100.1150
C:\Windows\System32\cryptnet.dll:cryptnet.dll (00007FFB5DD60000), size: 241664 (result: 0), SymType: '-deferred-', PDB: '', fileVersion: 10.0.26100.8115
C:\Windows\System32\winrnr.dll:winrnr.dll (00007FFB5EB00000), size: 77824 (result: 0), SymType: '-deferred-', PDB: '', fileVersion: 10.0.26100.8115
C:\Windows\SYSTEM32\WINNSI.DLL:WINNSI.DLL (00007FFB7D1D0000), size: 57344 (result: 0), SymType: '-deferred-', PDB: '', fileVersion: 10.0.26100.8246
C:\Windows\system32\nlansp_c.dll:nlansp_c.dll (00007FFB5EAD0000), size: 139264 (result: 0), SymType: '-deferred-', PDB: '', fileVersion: 10.0.26100.8115
C:\Windows\system32\wshbth.dll:wshbth.dll (00007FFB5EAB0000), size: 90112 (result: 0), SymType: '-deferred-', PDB: '', fileVersion: 10.0.26100.5074
C:\Windows\System32\fwpuclnt.dll:fwpuclnt.dll (00007FFB73A10000), size: 548864 (result: 0), SymType: '-deferred-', PDB: '', fileVersion: 10.0.26100.8246
C:\Windows\System32\rasadhlp.dll:rasadhlp.dll (00007FFB778D0000), size: 45056 (result: 0), SymType: '-deferred-', PDB: '', fileVersion: 10.0.26100.7920
C:\Program Files\Unity\Hub\Editor\6000.5.3f1\Editor\AMDUnityPlugin.DLL:AMDUnityPlugin.DLL (00007FFAD98A0000), size: 8843264 (result: 0), SymType: '-deferred-', PDB: ''
C:\Program Files\Unity\Hub\Editor\6000.5.3f1\Editor\NVUnityPlugin.DLL:NVUnityPlugin.DLL (00007FFAFC7C0000), size: 1646592 (result: 0), SymType: '-deferred-', PDB: ''
C:\Program Files\Unity\Hub\Editor\6000.5.3f1\Editor\Data\Tools\astcenc-avx2.dll:astcenc-avx2.dll (00007FFAFEBB0000), size: 352256 (result: 0), SymType: '-deferred-', PDB: ''
C:\Windows\System32\MMDevApi.dll:MMDevApi.dll (00007FFB73BA0000), size: 618496 (result: 0), SymType: '-deferred-', PDB: '', fileVersion: 10.0.26100.8115
C:\Windows\System32\DEVOBJ.dll:DEVOBJ.dll (00007FFB7F2F0000), size: 184320 (result: 0), SymType: '-deferred-', PDB: '', fileVersion: 10.0.26100.1150
C:\Windows\SYSTEM32\directxdatabasehelper.dll:directxdatabasehelper.dll (00007FFB79DC0000), size: 397312 (result: 0), SymType: '-deferred-', PDB: '', fileVersion: 10.0.26100.8115
C:\Program Files\Unity\Hub\Editor\6000.5.3f1\Editor\D3D12\D3D12Core.dll:D3D12Core.dll (00007FFAD0A90000), size: 4780032 (result: 0), SymType: '-deferred-', PDB: '', fileVersion: 1.618.1.0
C:\Windows\System32\DriverStore\FileRepository\iigd_dch.inf_amd64_b8e80a9b8772ee40\igd12umd64.dll:igd12umd64.dll (00007FFB5C140000), size: 147456 (result: 0), SymType: '-deferred-', PDB: '', fileVersion: 31.0.101.2114
C:\Windows\System32\DriverStore\FileRepository\iigd_dch.inf_amd64_b8e80a9b8772ee40\igd12um64kbl.dll:igd12um64kbl.dll (00007FFAF6000000), size: 10752000 (result: 0), SymType: '-deferred-', PDB: ''
C:\Windows\System32\DriverStore\FileRepository\iigd_dch.inf_amd64_b8e80a9b8772ee40\igdgmm64.dll:igdgmm64.dll (00007FFB77A90000), size: 4231168 (result: 0), SymType: '-deferred-', PDB: '', fileVersion: 31.0.101.2114
C:\Windows\System32\DriverStore\FileRepository\iigd_dch.inf_amd64_b8e80a9b8772ee40\igc64.dll:igc64.dll (00007FFB73F80000), size: 58277888 (result: 0), SymType: '-deferred-', PDB: '', fileVersion: 31.0.101.2114
C:\Windows\SYSTEM32\D3DSCache.dll:D3DSCache.dll (00007FFB06E40000), size: 937984 (result: 0), SymType: '-deferred-', PDB: '', fileVersion: 10.0.26100.8115
C:\Windows\System32\DriverStore\FileRepository\iigd_dch.inf_amd64_b8e80a9b8772ee40\igd12dxva64.dll:igd12dxva64.dll (00007FFAEFF80000), size: 51273728 (result: 0), SymType: '-deferred-', PDB: '', fileVersion: 31.0.101.2114
C:\Windows\System32\DriverStore\FileRepository\iigd_dch.inf_amd64_b8e80a9b8772ee40\igdinfo64.dll:igdinfo64.dll (00007FFB23DE0000), size: 159744 (result: 0), SymType: '-deferred-', PDB: ''
C:\Program Files\Unity\Hub\Editor\6000.5.3f1\Editor\DirectML.dll:DirectML.dll (00007FFACA7B0000), size: 14061568 (result: 0), SymType: '-deferred-', PDB: '', fileVersion: 1.13.1.0
C:\Windows\SYSTEM32\d3d11on12.dll:d3d11on12.dll (00007FFB03730000), size: 688128 (result: 0), SymType: '-deferred-', PDB: '', fileVersion: 10.0.26100.8115
C:\Windows\SYSTEM32\opencl.dll:opencl.dll (00007FFAEBAB0000), size: 98304 (result: 0), SymType: '-deferred-', PDB: '', fileVersion: 3.0.6.0
C:\Program Files\Unity\Hub\Editor\6000.5.3f1\Editor\radeonrays.dll:radeonrays.dll (00007FFAEBA50000), size: 344064 (result: 0), SymType: '-deferred-', PDB: ''
C:\Program Files\Unity\Hub\Editor\6000.5.3f1\Editor\Data\MonoBleedingEdge\EmbedRuntime\mono-2.0-bdwgc.dll:mono-2.0-bdwgc.dll (00007FFAD8640000), size: 10760192 (result: 0), SymType: '-deferred-', PDB: ''

========== OUTPUTTING STACK TRACE ==================

0x00007FFB7FD479DA (KERNELBASE) RaiseException
0x00007FFADCFD9C2D (Unity) EditorMonoConsole::LogToConsoleImplementation
0x00007FFADCFDA927 (Unity) EditorMonoConsole::LogToConsoleImplementation
0x00007FFADEFA8CA8 (Unity) DebugStringToFilePostprocessedStacktrace
0x00007FFADEFA84B1 (Unity) DebugStringToFile
0x00007FFADCA22D1A (Unity) RegisterAssemblyDefinition
0x00007FFADC0A6A65 (Unity) ProcessAssemblyAssets
0x00007FFADC0A7828 (Unity) UpdateScriptCompilationPipelineCaches
0x00007FFADC1E0B94 (Unity) AssetImportWorkerClient::RegisterTransientArtifacts
0x00007FFADC1E0F74 (Unity) AssetImportWorkerClient::ReloadScriptingDomain
0x00007FFADC1B8919 (Unity) <lambda_92277928bfcb6a8f3dfeb3fc17f6b540>::operator()
0x00007FFADC0E144C (Unity) asio::detail::executor_op<asio::detail::binder0<core::mutable_function<void __cdecl(void)> >,std::allocator<void>,asio::detail::win_iocp_operation>::do_complete
0x00007FFADC0E42E1 (Unity) asio::detail::win_iocp_io_context::do_one
0x00007FFADC0E93C6 (Unity) asio::detail::win_iocp_io_context::run
0x00007FFADC0DF226 (Unity) IOService::Run
0x00007FFADC1E5744 (Unity) RunAssetImportWorkerClientV2
0x00007FFADC1E582B (Unity) RunAssetImporterV2
0x00007FFADCEB0268 (Unity) Application::InitializeProject
0x00007FFADC7A5323 (Unity) UnityMain
0x00007FF787D22F2A (Unity) __scrt_common_main_seh
0x00007FFB80C8E8D7 (KERNEL32) BaseThreadInitThunk
0x00007FFB82F4C3FC (ntdll) RtlUserThreadStart

========== END OF STACKTRACE ===========

A crash has been intercepted by the crash handler. For call stack and other details, see the latest crash report generated in:
 * C:/Users/jonpe/AppData/Local/Temp/Unity/Editor/Crashes
